../Core/Src/main.c:76:5:__io_putchar	16	static
../Core/Src/main.c:87:5:main	560	static
../Core/Src/main.c:262:6:SystemClock_Config	88	static
../Core/Src/main.c:309:13:MX_I2C1_Init	8	static
../Core/Src/main.c:343:13:MX_TIM3_Init	48	static
../Core/Src/main.c:392:13:MX_USART2_UART_Init	8	static
../Core/Src/main.c:425:13:MX_GPIO_Init	48	static
../Core/Src/main.c:470:6:StartDefaultTask	16	static
../Core/Src/main.c:489:6:HAL_TIM_PeriodElapsedCallback	16	static
../Core/Src/main.c:506:6:Error_Handler	4	static,ignoring_inline_asm
