../Core/Src/stm32f4xx_it.c:85:6:NMI_Handler	4	static
../Core/Src/stm32f4xx_it.c:100:6:HardFault_Handler	4	static
../Core/Src/stm32f4xx_it.c:115:6:MemManage_Handler	4	static
../Core/Src/stm32f4xx_it.c:130:6:BusFault_Handler	4	static
../Core/Src/stm32f4xx_it.c:145:6:UsageFault_Handler	4	static
../Core/Src/stm32f4xx_it.c:160:6:DebugMon_Handler	4	static
../Core/Src/stm32f4xx_it.c:180:6:TIM1_UP_TIM10_IRQHandler	8	static
../Core/Src/stm32f4xx_it.c:194:6:I2C1_EV_IRQHandler	8	static
../Core/Src/stm32f4xx_it.c:208:6:I2C1_ER_IRQHandler	8	static
../Core/Src/stm32f4xx_it.c:222:6:USART1_IRQHandler	8	static
../Core/Src/stm32f4xx_it.c:245:6:EXTI15_10_IRQHandler	16	static
