../Core/Src/stm32f4xx_it.c:93:6:NMI_Handler	4	static
../Core/Src/stm32f4xx_it.c:108:6:HardFault_Handler	4	static
../Core/Src/stm32f4xx_it.c:123:6:MemManage_Handler	4	static
../Core/Src/stm32f4xx_it.c:138:6:BusFault_Handler	4	static
../Core/Src/stm32f4xx_it.c:153:6:UsageFault_Handler	4	static
../Core/Src/stm32f4xx_it.c:168:6:DebugMon_Handler	4	static
../Core/Src/stm32f4xx_it.c:188:6:TIM1_UP_TIM10_IRQHandler	8	static
../Core/Src/stm32f4xx_it.c:202:6:I2C1_EV_IRQHandler	8	static
../Core/Src/stm32f4xx_it.c:216:6:I2C1_ER_IRQHandler	8	static
../Core/Src/stm32f4xx_it.c:230:6:USART1_IRQHandler	8	static
../Core/Src/stm32f4xx_it.c:254:6:EXTI15_10_IRQHandler	16	static
